[manager][warmup] seeding keys for 10s using write-only traffic...
[manager][sec] rps=39 errors=0 error_rate=0.0% p50=75.77ms p90=290.83ms p95=296.98ms tick_avg_work=111.6us tick_overruns=6 tick_max_reqs=1
[manager][sec] rps=445 errors=0 error_rate=0.0% p50=306.15ms p90=685.3ms p95=859.42ms tick_avg_work=261.1us tick_overruns=169 tick_max_reqs=1
[manager][sec] rps=837 errors=0 error_rate=0.0% p50=254.12ms p90=1737.04ms p95=2070.56ms tick_avg_work=108.4us tick_overruns=72 tick_max_reqs=1
[manager][sec] rps=601 errors=0 error_rate=0.0% p50=130.78ms p90=2944.62ms p95=3196.03ms tick_avg_work=87.4us tick_overruns=28 tick_max_reqs=1
[manager][sec] rps=725 errors=0 error_rate=0.0% p50=85.47ms p90=3591.51ms p95=3736.76ms tick_avg_work=38.3us tick_overruns=14 tick_max_reqs=1
[manager][sec] rps=458 errors=0 error_rate=0.0% p50=145.33ms p90=1692.79ms p95=2038.45ms tick_avg_work=74.4us tick_overruns=26 tick_max_reqs=1
[manager][sec] rps=453 errors=0 error_rate=0.0% p50=272.4ms p90=567.69ms p95=1711.27ms tick_avg_work=61.0us tick_overruns=22 tick_max_reqs=1
[manager][sec] rps=595 errors=0 error_rate=0.0% p50=406.26ms p90=685.8ms p95=788.31ms tick_avg_work=86.9us tick_overruns=32 tick_max_reqs=1
[manager][sec] rps=386 errors=0 error_rate=0.0% p50=406.53ms p90=802.83ms p95=992.95ms tick_avg_work=64.8us tick_overruns=17 tick_max_reqs=1
[manager][warmup] completed. starting measured phase...
[manager][sec] rps=578 errors=0 error_rate=0.0% p50=520.9ms p90=1018.33ms p95=1623.23ms tick_avg_work=84.0us tick_overruns=33 tick_max_reqs=1
[manager][keyspace] acquired 5152
[manager][sec] rps=69 errors=0 error_rate=0.0% p50=24.0ms p90=132.21ms p95=140.33ms tick_avg_work=28.9us tick_overruns=0 tick_max_reqs=1
[manager][sec] rps=914 errors=0 error_rate=0.0% p50=42.01ms p90=169.11ms p95=176.78ms tick_avg_work=49.2us tick_overruns=24 tick_max_reqs=1
[manager][sec] rps=637 errors=0 error_rate=0.0% p50=22.67ms p90=177.94ms p95=192.75ms tick_avg_work=34.5us tick_overruns=13 tick_max_reqs=1
[manager][sec] rps=759 errors=0 error_rate=0.0% p50=12.44ms p90=61.19ms p95=72.75ms tick_avg_work=30.6us tick_overruns=8 tick_max_reqs=1
[manager][sec] rps=675 errors=0 error_rate=0.0% p50=10.56ms p90=74.7ms p95=87.3ms tick_avg_work=29.1us tick_overruns=3 tick_max_reqs=1
[manager][sec] rps=330 errors=1 error_rate=0.3% p50=177.2ms p90=379.14ms p95=420.81ms tick_avg_work=161.0us tick_overruns=37 tick_max_reqs=1
[manager][sec] rps=545 errors=0 error_rate=0.0% p50=312.43ms p90=586.04ms p95=646.81ms tick_avg_work=222.3us tick_overruns=70 tick_max_reqs=1
[manager][sec] rps=520 errors=1 error_rate=0.19% p50=68.24ms p90=2795.1ms p95=2967.42ms tick_avg_work=55.8us tick_overruns=11 tick_max_reqs=1
[manager][sec] rps=672 errors=4 error_rate=0.6% p50=85.16ms p90=1076.94ms p95=1632.93ms tick_avg_work=47.3us tick_overruns=13 tick_max_reqs=1
[manager][sec] rps=872 errors=8 error_rate=0.92% p50=203.43ms p90=983.63ms p95=1058.76ms tick_avg_work=27.1us tick_overruns=5 tick_max_reqs=1
[manager][baseline] p95=797.00ms
[manager][sec] rps=818 errors=0 error_rate=0.0% p50=17.03ms p90=161.03ms p95=177.26ms tick_avg_work=22.3us tick_overruns=4 tick_max_reqs=1
[manager][ramp] payload_size=131072
[manager][sec] rps=711 errors=1 error_rate=0.14% p50=16.78ms p90=45.4ms p95=61.25ms tick_avg_work=30.7us tick_overruns=11 tick_max_reqs=1
[manager][ramp] payload_size=196608
[manager][sec] rps=504 errors=0 error_rate=0.0% p50=214.99ms p90=319.83ms p95=335.1ms tick_avg_work=38.8us tick_overruns=9 tick_max_reqs=1
[manager][sec] rps=358 errors=2 error_rate=0.56% p50=378.43ms p90=649.99ms p95=721.8ms tick_avg_work=97.7us tick_overruns=33 tick_max_reqs=1
[manager][ramp] payload_size=262144
[manager][sec] rps=522 errors=2 error_rate=0.38% p50=208.17ms p90=496.89ms p95=625.36ms tick_avg_work=100.7us tick_overruns=29 tick_max_reqs=1
[manager][ramp] payload_size=327680
[manager][sec] rps=572 errors=2 error_rate=0.35% p50=200.17ms p90=447.83ms p95=559.58ms tick_avg_work=99.1us tick_overruns=23 tick_max_reqs=1
[manager][ramp] payload_size=393216
[manager][sec] rps=442 errors=4 error_rate=0.9% p50=193.49ms p90=362.45ms p95=566.6ms tick_avg_work=81.3us tick_overruns=22 tick_max_reqs=1
[manager][ramp] payload_size=458752
[manager][sec] rps=275 errors=0 error_rate=0.0% p50=421.88ms p90=634.38ms p95=741.62ms tick_avg_work=97.6us tick_overruns=21 tick_max_reqs=1
[manager][sec] rps=117 errors=0 error_rate=0.0% p50=972.33ms p90=1537.46ms p95=1707.72ms tick_avg_work=123.5us tick_overruns=14 tick_max_reqs=1
[manager][ramp] payload_size=524288
[manager][sec] rps=260 errors=8 error_rate=3.08% p50=1379.28ms p90=1945.43ms p95=2138.58ms tick_avg_work=121.0us tick_overruns=30 tick_max_reqs=1
[manager][burn] stop criteria reached (error_rate_exceeded); holding load steady for 10s
[manager][sec] rps=333 errors=7 error_rate=2.1% p50=1668.9ms p90=2315.65ms p95=2398.69ms tick_avg_work=207.2us tick_overruns=35 tick_max_reqs=1
[manager][sec] rps=306 errors=3 error_rate=0.98% p50=1789.51ms p90=3248.49ms p95=4523.52ms tick_avg_work=135.2us tick_overruns=40 tick_max_reqs=1
[manager][sec] rps=248 errors=5 error_rate=2.02% p50=1695.05ms p90=3255.46ms p95=3764.01ms tick_avg_work=98.8us tick_overruns=16 tick_max_reqs=1
[manager][sec] rps=152 errors=3 error_rate=1.97% p50=1839.74ms p90=2897.11ms p95=3737.43ms tick_avg_work=133.2us tick_overruns=23 tick_max_reqs=1
[manager][sec] rps=236 errors=2 error_rate=0.85% p50=2286.82ms p90=3511.45ms p95=3931.36ms tick_avg_work=207.1us tick_overruns=38 tick_max_reqs=1
[manager][sec] rps=214 errors=3 error_rate=1.4% p50=2242.21ms p90=3333.28ms p95=3578.38ms tick_avg_work=145.1us tick_overruns=23 tick_max_reqs=1
[manager][sec] rps=117 errors=2 error_rate=1.71% p50=2433.57ms p90=3386.25ms p95=3605.51ms tick_avg_work=137.8us tick_overruns=15 tick_max_reqs=1
[manager][sec] rps=133 errors=2 error_rate=1.5% p50=2814.69ms p90=3353.24ms p95=3669.61ms tick_avg_work=131.9us tick_overruns=23 tick_max_reqs=1
[manager][sec] rps=167 errors=3 error_rate=1.8% p50=3354.22ms p90=5650.62ms p95=5974.03ms tick_avg_work=167.0us tick_overruns=31 tick_max_reqs=1
[manager][sec] rps=101 errors=3 error_rate=2.97% p50=3691.55ms p90=4435.43ms p95=4626.18ms tick_avg_work=177.2us tick_overruns=16 tick_max_reqs=1
[manager][sec] rps=122 errors=2 error_rate=1.64% p50=4476.34ms p90=5637.82ms p95=5914.62ms tick_avg_work=125.2us tick_overruns=27 tick_max_reqs=1
[manager][final] stop_reason=error_rate_exceeded total=12705 errors=68 error_rate=0.54% avg=605.08ms p50=157.3ms p90=2099.6ms p95=2972.2ms
[manager][workers] workers	concurrency	requests	avg_rps
[manager][workers] worker10@worker10	25	1301	42.47
[manager][workers] worker1@worker1	25	1259	40.99
[manager][workers] worker2@worker2	25	1279	41.63
[manager][workers] worker3@worker3	25	1266	41.22
[manager][workers] worker4@worker4	25	1265	41.23
[manager][workers] worker5@worker5	25	1276	41.61
[manager][workers] worker6@worker6	25	1268	41.36
[manager][workers] worker7@worker7	25	1229	40.07
[manager][workers] worker8@worker8	25	1260	41.1
[manager][workers] worker9@worker9	25	1272	41.51
[manager] This squeeze test ran until aggregate_rps=122 avg_payload_size=65536B concurrent_db_connections=250
