[manager][warmup] seeding keys for 10s using write-only traffic...
[manager][sec] rps=1329 errors=0 error_rate=0.0% p50=93.4ms p90=286.53ms p95=330.1ms tick_avg_work=490.7us tick_overruns=165 tick_max_reqs=1
[manager][sec] rps=2349 errors=0 error_rate=0.0% p50=44.1ms p90=648.04ms p95=765.24ms tick_avg_work=74.9us tick_overruns=29 tick_max_reqs=1
[manager][sec] rps=2309 errors=0 error_rate=0.0% p50=53.93ms p90=356.46ms p95=1102.06ms tick_avg_work=86.7us tick_overruns=35 tick_max_reqs=1
[manager][sec] rps=1544 errors=0 error_rate=0.0% p50=106.64ms p90=352.22ms p95=1257.54ms tick_avg_work=85.9us tick_overruns=24 tick_max_reqs=1
[manager][sec] rps=1597 errors=0 error_rate=0.0% p50=248.53ms p90=943.11ms p95=1213.79ms tick_avg_work=108.3us tick_overruns=35 tick_max_reqs=1
[manager][sec] rps=1618 errors=0 error_rate=0.0% p50=342.31ms p90=1544.81ms p95=1937.05ms tick_avg_work=110.0us tick_overruns=40 tick_max_reqs=1
[manager][sec] rps=1792 errors=0 error_rate=0.0% p50=596.11ms p90=1908.19ms p95=2582.52ms tick_avg_work=115.5us tick_overruns=41 tick_max_reqs=1
[manager][sec] rps=1738 errors=0 error_rate=0.0% p50=859.88ms p90=2861.4ms p95=3030.86ms tick_avg_work=94.3us tick_overruns=23 tick_max_reqs=2
[manager][sec] rps=2244 errors=0 error_rate=0.0% p50=905.28ms p90=2363.4ms p95=3106.84ms tick_avg_work=90.7us tick_overruns=30 tick_max_reqs=2
[manager][sec] rps=1704 errors=0 error_rate=0.0% p50=1064.23ms p90=2839.97ms p95=3137.2ms tick_avg_work=148.5us tick_overruns=43 tick_max_reqs=2
[manager][warmup] completed. starting measured phase...
[manager][keyspace] acquired 19049
[manager][sec] rps=1456 errors=0 error_rate=0.0% p50=1266.12ms p90=3067.13ms p95=3216.81ms tick_avg_work=126.3us tick_overruns=39 tick_max_reqs=2
[manager][sec] rps=315 errors=0 error_rate=0.0% p50=111.77ms p90=173.67ms p95=203.49ms tick_avg_work=69.9us tick_overruns=0 tick_max_reqs=1
[manager][sec] rps=2388 errors=13 error_rate=0.54% p50=93.86ms p90=204.77ms p95=255.13ms tick_avg_work=71.5us tick_overruns=11 tick_max_reqs=1
[manager][sec] rps=2009 errors=31 error_rate=1.54% p50=159.58ms p90=318.95ms p95=370.48ms tick_avg_work=79.7us tick_overruns=24 tick_max_reqs=1
[manager][sec] rps=2049 errors=42 error_rate=2.05% p50=150.37ms p90=478.63ms p95=545.17ms tick_avg_work=81.3us tick_overruns=33 tick_max_reqs=1
[manager][sec] rps=2012 errors=39 error_rate=1.94% p50=151.94ms p90=719.04ms p95=788.19ms tick_avg_work=90.5us tick_overruns=25 tick_max_reqs=1
[manager][sec] rps=1923 errors=36 error_rate=1.87% p50=178.02ms p90=1002.5ms p95=1089.97ms tick_avg_work=81.9us tick_overruns=27 tick_max_reqs=1
[manager][sec] rps=1272 errors=22 error_rate=1.73% p50=378.03ms p90=1439.18ms p95=1615.05ms tick_avg_work=116.1us tick_overruns=30 tick_max_reqs=1
[manager][sec] rps=1189 errors=39 error_rate=3.28% p50=672.35ms p90=2020.17ms p95=2306.66ms tick_avg_work=244.0us tick_overruns=63 tick_max_reqs=1
[manager][sec] rps=1444 errors=87 error_rate=6.02% p50=1110.56ms p90=2602.93ms p95=2862.66ms tick_avg_work=120.1us tick_overruns=27 tick_max_reqs=1
[manager][sec] rps=2148 errors=109 error_rate=5.07% p50=1075.22ms p90=2657.31ms p95=2902.14ms tick_avg_work=93.4us tick_overruns=26 tick_max_reqs=1
[manager][baseline] p95=2320.50ms
[manager][sec] rps=2045 errors=69 error_rate=3.37% p50=1008.31ms p90=2557.28ms p95=2725.76ms tick_avg_work=82.1us tick_overruns=26 tick_max_reqs=1
[manager][burn] stop criteria reached (error_rate_exceeded); holding load steady for 10s
[manager][sec] rps=1424 errors=42 error_rate=2.95% p50=1153.93ms p90=2561.44ms p95=2695.49ms tick_avg_work=135.6us tick_overruns=39 tick_max_reqs=1
[manager][sec] rps=1441 errors=48 error_rate=3.33% p50=1336.32ms p90=2695.9ms p95=2784.12ms tick_avg_work=149.9us tick_overruns=41 tick_max_reqs=1
[manager][sec] rps=1777 errors=60 error_rate=3.38% p50=1538.74ms p90=2879.82ms p95=2934.86ms tick_avg_work=152.8us tick_overruns=55 tick_max_reqs=1
[manager][sec] rps=1331 errors=39 error_rate=2.93% p50=1778.26ms p90=3246.95ms p95=3337.24ms tick_avg_work=139.4us tick_overruns=45 tick_max_reqs=1
[manager][sec] rps=1744 errors=45 error_rate=2.58% p50=1969.43ms p90=3474.56ms p95=3525.78ms tick_avg_work=111.5us tick_overruns=51 tick_max_reqs=2
[manager][sec] rps=1337 errors=46 error_rate=3.44% p50=2067.65ms p90=3551.28ms p95=3653.29ms tick_avg_work=190.2us tick_overruns=64 tick_max_reqs=2
[manager][sec] rps=943 errors=31 error_rate=3.29% p50=2577.41ms p90=4060.65ms p95=4190.55ms tick_avg_work=216.7us tick_overruns=68 tick_max_reqs=3
[manager][sec] rps=974 errors=29 error_rate=2.98% p50=3194.22ms p90=4530.71ms p95=4652.94ms tick_avg_work=196.4us tick_overruns=69 tick_max_reqs=2
[manager][sec] rps=1403 errors=49 error_rate=3.49% p50=3601.54ms p90=4797.98ms p95=4908.02ms tick_avg_work=166.9us tick_overruns=54 tick_max_reqs=3
[manager][sec] rps=1196 errors=54 error_rate=4.52% p50=3855.3ms p90=4936.84ms p95=5038.62ms tick_avg_work=133.6us tick_overruns=59 tick_max_reqs=2
[manager][sec] rps=1598 errors=62 error_rate=3.88% p50=3695.76ms p90=4924.62ms p95=5013.95ms tick_avg_work=105.7us tick_overruns=40 tick_max_reqs=3
[manager][final] stop_reason=error_rate_exceeded total=34226 errors=1006 error_rate=2.94% avg=1488.89ms p50=1144.1ms p90=3541.2ms p95=3893.0ms
[manager][workers] workers	concurrency	requests	avg_rps
[manager][workers] worker10@worker10	25	3414	160.75
[manager][workers] worker1@worker1	25	3125	147.25
[manager][workers] worker2@worker2	25	3482	164.09
[manager][workers] worker3@worker3	25	3451	162.63
[manager][workers] worker4@worker4	25	3362	158.44
[manager][workers] worker5@worker5	25	3444	162.29
[manager][workers] worker6@worker6	25	3401	160.24
[manager][workers] worker7@worker7	25	3075	144.88
[manager][workers] worker8@worker8	25	3361	158.3
[manager][workers] worker9@worker9	25	3447	162.32
[manager] This squeeze test ran until aggregate_rps=1598 avg_payload_size=1024B concurrent_db_connections=250
